C:\Users\ael10jso\Xilinx\brutus\implementation\system.ngc 1411377046
C:/Users/ael10jso/Xilinx/brutus/implementation/system_push_buttons_4bits_wrapper.ngc 1411376976
C:/Users/ael10jso/Xilinx/brutus/implementation/system_dip_switches_8bits_wrapper.ngc 1411376991
C:/Users/ael10jso/Xilinx/brutus/implementation/system_rs232_uart_1_wrapper.ngc 1411376968
C:/Users/ael10jso/Xilinx/brutus/implementation/system_proc_sys_reset_0_wrapper.ngc 1411376878
C:/Users/ael10jso/Xilinx/brutus/implementation/system_clock_generator_0_wrapper.ngc 1411377022
C:/Users/ael10jso/Xilinx/brutus/implementation/system_microblaze_0_ilmb_wrapper.ngc 1411377012
C:/Users/ael10jso/Xilinx/brutus/implementation/system_microblaze_0_dlmb_wrapper.ngc 1411377015
C:/Users/ael10jso/Xilinx/brutus/implementation/system_fsl_v20_0_wrapper.ngc 1411377029
C:/Users/ael10jso/Xilinx/brutus/implementation/system_fsl_v20_1_wrapper.ngc 1411377032
C:/Users/ael10jso/Xilinx/brutus/implementation/system_axi4lite_0_wrapper.ngc 1411377025
C:/Users/ael10jso/Xilinx/brutus/implementation/system_microblaze_0_wrapper.ngc 1411377019
C:/Users/ael10jso/Xilinx/brutus/implementation/system_microblaze_0_i_bram_ctrl_wrapper.ngc 1411376889
C:/Users/ael10jso/Xilinx/brutus/implementation/system_microblaze_0_d_bram_ctrl_wrapper.ngc 1411376899
C:/Users/ael10jso/Xilinx/brutus/implementation/system_brutus_0_wrapper.ngc 1411376996
C:/Users/ael10jso/Xilinx/brutus/implementation/system_debug_module_wrapper.ngc 1411376945
C:/Users/ael10jso/Xilinx/brutus/implementation/system_leds_8bits_wrapper.ngc 1411376983
C:/Users/ael10jso/Xilinx/brutus/implementation/system_microblaze_0_bram_block_wrapper.ngc 1411376905
OK
