C:\Users\ael10jso\Xilinx\embedded_bruteforce\brutus_system\implementation\system.ngc 1413419706
C:/Users/ael10jso/Xilinx/embedded_bruteforce/brutus_system/implementation/system_push_buttons_4bits_wrapper.ngc 1413419629
C:/Users/ael10jso/Xilinx/embedded_bruteforce/brutus_system/implementation/system_dip_switches_8bits_wrapper.ngc 1413419644
C:/Users/ael10jso/Xilinx/embedded_bruteforce/brutus_system/implementation/system_rs232_uart_1_wrapper.ngc 1413419622
C:/Users/ael10jso/Xilinx/embedded_bruteforce/brutus_system/implementation/system_proc_sys_reset_0_wrapper.ngc 1413419536
C:/Users/ael10jso/Xilinx/embedded_bruteforce/brutus_system/implementation/system_clock_generator_0_wrapper.ngc 1413419680
C:/Users/ael10jso/Xilinx/embedded_bruteforce/brutus_system/implementation/system_microblaze_0_ilmb_wrapper.ngc 1413419670
C:/Users/ael10jso/Xilinx/embedded_bruteforce/brutus_system/implementation/system_microblaze_0_dlmb_wrapper.ngc 1413419674
C:/Users/ael10jso/Xilinx/embedded_bruteforce/brutus_system/implementation/system_fsl_v20_0_wrapper.ngc 1413419687
C:/Users/ael10jso/Xilinx/embedded_bruteforce/brutus_system/implementation/system_fsl_v20_1_wrapper.ngc 1413419690
C:/Users/ael10jso/Xilinx/embedded_bruteforce/brutus_system/implementation/system_axi4lite_0_wrapper.ngc 1413419684
C:/Users/ael10jso/Xilinx/embedded_bruteforce/brutus_system/implementation/system_microblaze_0_wrapper.ngc 1413419677
C:/Users/ael10jso/Xilinx/embedded_bruteforce/brutus_system/implementation/system_microblaze_0_i_bram_ctrl_wrapper.ngc 1413419546
C:/Users/ael10jso/Xilinx/embedded_bruteforce/brutus_system/implementation/system_microblaze_0_d_bram_ctrl_wrapper.ngc 1413419556
C:/Users/ael10jso/Xilinx/embedded_bruteforce/brutus_system/implementation/system_bajsd_0_wrapper.ngc 1413419667
C:/Users/ael10jso/Xilinx/embedded_bruteforce/brutus_system/implementation/system_debug_module_wrapper.ngc 1413419600
C:/Users/ael10jso/Xilinx/embedded_bruteforce/brutus_system/implementation/system_leds_8bits_wrapper.ngc 1413419636
C:/Users/ael10jso/Xilinx/embedded_bruteforce/brutus_system/implementation/system_microblaze_0_bram_block_wrapper.ngc 1413419562
OK
